default values:
  1: |
    apiVersion: apps/v1
    kind: Deployment
    metadata:
      labels:
        app.kubernetes.io/instance: RELEASE-NAME
        app.kubernetes.io/name: RELEASE-NAME-cr
      name: container-registry-agent-cra
      namespace: NAMESPACE
    spec:
      replicas: 1
      selector:
        matchLabels:
          app.kubernetes.io/instance: RELEASE-NAME
          app.kubernetes.io/name: RELEASE-NAME-cr
      template:
        metadata:
          labels:
            app.kubernetes.io/instance: RELEASE-NAME
            app.kubernetes.io/name: RELEASE-NAME-cr
        spec:
          containers:
            - env:
                - name: SNYK_PORT
                  value: "8081"
              image: snyk/container-registry-agent:latest
              imagePullPolicy: Always
              name: container-registry-agent
              ports:
                - containerPort: 8081
                  name: http
              resources:
                limits:
                  cpu: 1
                  memory: 2Gi
                requests:
                  cpu: 1
                  memory: 2Gi
              securityContext:
                allowPrivilegeEscalation: false
                capabilities:
                  drop:
                    - ALL
                readOnlyRootFilesystem: false
                runAsNonRoot: true
                runAsUser: 1000
          securityContext: {}
          serviceAccountName: snyk-broker
  2: |
    apiVersion: v1
    kind: Service
    metadata:
      labels:
        app.kubernetes.io/instance: RELEASE-NAME
        app.kubernetes.io/managed-by: Helm
        app.kubernetes.io/name: snyk-broker
        helm.sh/chart: snyk-broker-2.3.0
      name: cra-service
      namespace: NAMESPACE
    spec:
      ports:
        - port: 8081
          targetPort: 8081
      selector:
        app.kubernetes.io/instance: RELEASE-NAME
        app.kubernetes.io/name: RELEASE-NAME-cr
      type: ClusterIP
